// Jest Snapshot v1, https://goo.gl/fbAQLP

exports[`Profile Rendered Page 1`] = `
<RCTSafeAreaView
  emulateUnlessSupported={true}
  style={
    Object {
      "flex": 1,
    }
  }
>
  <View
    style={
      Object {
        "alignItems": "center",
        "flex": 1,
        "flexDirection": "column",
        "justifyContent": "center",
        "paddingBottom": 10,
        "paddingTop": 20,
      }
    }
  >
    <Text
      style={
        Object {
          "color": "#9B9B9B",
          "flex": 4,
          "fontSize": 14,
        }
      }
    >
      Loading
    </Text>
  </View>
</RCTSafeAreaView>
`;
