// Jest Snapshot v1, https://goo.gl/fbAQLP

exports[`Profile Rendered Page 1`] = `
<View
  style={
    Object {
      "alignItems": "center",
      "backgroundColor": "#ffffff",
      "flex": 1,
      "flexDirection": "column",
      "justifyContent": "flex-start",
      "padding": 20,
    }
  }
>
  <View
    style={
      Object {
        "alignItems": "center",
        "flex": 1,
        "flexDirection": "row",
        "justifyContent": "flex-start",
      }
    }
  >
    <Image
      resizeMode="contain"
      source={
        Object {
          "process": [Function],
        }
      }
      style={
        Object {
          "borderRadius": 50,
          "flex": 1,
          "height": 70,
          "width": 70,
        }
      }
    />
    <View
      style={
        Object {
          "flex": 1,
          "flexDirection": "column",
          "justifyContent": "space-around",
        }
      }
    >
      <Text
        style={
          Object {
            "color": "black",
            "fontSize": 24,
            "fontWeight": "bold",
          }
        }
      >
        Allen
      </Text>
      <Text
        style={
          Object {
            "color": "#9B9B9B",
            "fontSize": 16,
          }
        }
      >
        Uid: 1
      </Text>
    </View>
    <View
      style={
        Object {
          "alignItems": "center",
          "flex": 1,
          "height": 40,
          "marginTop": 10,
          "width": 60,
        }
      }
    >
      <View
        accessibilityRole="button"
        accessible={true}
        collapsable={false}
        focusable={true}
        nativeID="animatedComponent"
        onClick={[Function]}
        onResponderGrant={[Function]}
        onResponderMove={[Function]}
        onResponderRelease={[Function]}
        onResponderTerminate={[Function]}
        onResponderTerminationRequest={[Function]}
        onStartShouldSetResponder={[Function]}
        style={
          Object {
            "opacity": 1,
          }
        }
      >
        <View
          style={
            Array [
              Object {},
            ]
          }
        >
          <Text
            style={
              Array [
                Object {
                  "color": "#007AFF",
                  "fontSize": 18,
                  "margin": 8,
                  "textAlign": "center",
                },
              ]
            }
          >
            Log Out
          </Text>
        </View>
      </View>
    </View>
  </View>
  <View
    style={
      Object {
        "alignItems": "center",
        "flex": 3,
        "flexDirection": "column",
        "justifyContent": "flex-start",
      }
    }
  >
    <View
      style={
        Object {
          "alignItems": "center",
          "flex": 1,
          "flexDirection": "row",
          "justifyContent": "center",
        }
      }
    >
      <TextInput
        keyboardType="numeric"
        onChangeText={[Function]}
        style={
          Object {
            "borderWidth": 1,
            "flex": 1,
            "fontWeight": "bold",
            "height": 40,
            "marginHorizontal": 10,
            "padding": 10,
            "width": 120,
          }
        }
        value=""
      />
      <View
        style={
          Object {
            "alignItems": "center",
            "flex": 1,
            "height": 40,
            "marginTop": 10,
            "width": 60,
          }
        }
      >
        <View
          accessibilityRole="button"
          accessible={true}
          collapsable={false}
          focusable={true}
          nativeID="animatedComponent"
          onClick={[Function]}
          onResponderGrant={[Function]}
          onResponderMove={[Function]}
          onResponderRelease={[Function]}
          onResponderTerminate={[Function]}
          onResponderTerminationRequest={[Function]}
          onStartShouldSetResponder={[Function]}
          style={
            Object {
              "opacity": 1,
            }
          }
        >
          <View
            style={
              Array [
                Object {},
              ]
            }
          >
            <Text
              style={
                Array [
                  Object {
                    "color": "#007AFF",
                    "fontSize": 18,
                    "margin": 8,
                    "textAlign": "center",
                  },
                ]
              }
            >
              Change Password
            </Text>
          </View>
        </View>
      </View>
    </View>
    <View
      style={
        Object {
          "alignItems": "center",
          "flex": 1,
          "flexDirection": "row",
          "justifyContent": "center",
        }
      }
    >
      <TextInput
        keyboardType="default"
        onChangeText={[Function]}
        style={
          Object {
            "borderWidth": 1,
            "flex": 1,
            "fontWeight": "bold",
            "height": 40,
            "marginHorizontal": 10,
            "padding": 10,
            "width": 120,
          }
        }
        value=""
      />
      <View
        style={
          Object {
            "alignItems": "center",
            "flex": 1,
            "height": 40,
            "marginTop": 10,
            "width": 60,
          }
        }
      >
        <View
          accessibilityRole="button"
          accessible={true}
          collapsable={false}
          focusable={true}
          nativeID="animatedComponent"
          onClick={[Function]}
          onResponderGrant={[Function]}
          onResponderMove={[Function]}
          onResponderRelease={[Function]}
          onResponderTerminate={[Function]}
          onResponderTerminationRequest={[Function]}
          onStartShouldSetResponder={[Function]}
          style={
            Object {
              "opacity": 1,
            }
          }
        >
          <View
            style={
              Array [
                Object {},
              ]
            }
          >
            <Text
              style={
                Array [
                  Object {
                    "color": "#007AFF",
                    "fontSize": 18,
                    "margin": 8,
                    "textAlign": "center",
                  },
                ]
              }
            >
              Change UserName
            </Text>
          </View>
        </View>
      </View>
    </View>
    <Text
      style={
        Object {
          "color": "black",
          "flex": 1,
          "fontSize": 18,
          "fontWeight": "bold",
        }
      }
    >
      
    </Text>
  </View>
</View>
`;
